
Memory Configuration

Name             Origin             Length             Attributes
FLASH            0x08000000         0x00004000         xr
SRAM             0x20000000         0x00001000         xrw
*default*        0x00000000         0xffffffff

Linker script and memory map

LOAD build/main.o
LOAD build/functions.o
LOAD build/stm32_startup.o

.text           0x08000000      0x1fc
 *(.arm_vector)
 .arm_vector    0x08000000       0x9c build/stm32_startup.o
                0x08000000                vectors
 *(.text)
 .text          0x0800009c       0x34 build/main.o
                0x0800009c                main
 .text          0x080000d0       0xa0 build/functions.o
                0x080000d0                Init_LED
                0x080000f2                delay
                0x08000130                LED1_on
                0x08000150                LED1_off
 .text          0x08000170       0x8c build/stm32_startup.o
                0x08000170                Reset_Handler
                0x080001f4                EXTI4_15
                0x080001f4                HardFault_Handler
                0x080001f4                FLASH
                0x080001f4                ADC
                0x080001f4                NMI_Handler
                0x080001f4                USART2
                0x080001f4                I2C1
                0x080001f4                WWDG
                0x080001f4                TIM3
                0x080001f4                SPI1
                0x080001f4                TIM17
                0x080001f4                EXTI2_3
                0x080001f4                TIM15
                0x080001f4                PendSV
                0x080001f4                DMA_CH1
                0x080001f4                USB
                0x080001f4                I2C2
                0x080001f4                Default_Handler
                0x080001f4                RCC
                0x080001f4                TIM6
                0x080001f4                SPI2
                0x080001f4                TIM1_CC
                0x080001f4                SVCall
                0x080001f4                TIM16
                0x080001f4                DMA_CH2_3
                0x080001f4                RTC
                0x080001f4                TIM14
                0x080001f4                USART3_4_5_6
                0x080001f4                USART1
                0x080001f4                EXTI0_1
                0x080001f4                SysTick
                0x080001f4                TIM1_BRK_UP_TRG_COM
                0x080001f4                DMA_CH4_5
 *(.rodata)
                0x080001fc                        . = ALIGN (0x4)
                0x080001fc                        _etext = .
                0x080001fc                        _la_data = LOADADDR (.data)

.glue_7         0x080001fc        0x0
 .glue_7        0x080001fc        0x0 linker stubs

.glue_7t        0x080001fc        0x0
 .glue_7t       0x080001fc        0x0 linker stubs

.vfp11_veneer   0x080001fc        0x0
 .vfp11_veneer  0x080001fc        0x0 linker stubs

.v4_bx          0x080001fc        0x0
 .v4_bx         0x080001fc        0x0 linker stubs

.iplt           0x080001fc        0x0
 .iplt          0x080001fc        0x0 build/main.o

.rel.dyn        0x080001fc        0x0
 .rel.iplt      0x080001fc        0x0 build/main.o

.data           0x20000000        0x0 load address 0x080001fc
                0x20000000                        _sdata = .
 *.(.data)
                0x20000000                        . = ALIGN (0x4)
                0x20000000                        _edata = .
 .data          0x20000000        0x0 build/main.o
 .data          0x20000000        0x0 build/functions.o
 .data          0x20000000        0x0 build/stm32_startup.o

.igot.plt       0x20000000        0x0 load address 0x080001fc
 .igot.plt      0x20000000        0x0 build/main.o

.bss            0x20000000        0x0 load address 0x080001fc
                0x20000000                        _sbss = .
 *.(.bss)
                0x20000000                        . = ALIGN (0x4)
                0x20000000                        _ebss = .
 .bss           0x20000000        0x0 build/main.o
 .bss           0x20000000        0x0 build/functions.o
 .bss           0x20000000        0x0 build/stm32_startup.o
OUTPUT(final.elf elf32-littlearm)
LOAD linker stubs

.comment        0x00000000       0x26
 .comment       0x00000000       0x26 build/main.o
                                 0x27 (size before relaxing)
 .comment       0x00000026       0x27 build/functions.o
 .comment       0x00000026       0x27 build/stm32_startup.o

.ARM.attributes
                0x00000000       0x2e
 .ARM.attributes
                0x00000000       0x2e build/main.o
 .ARM.attributes
                0x0000002e       0x2e build/functions.o
 .ARM.attributes
                0x0000005c       0x2e build/stm32_startup.o
